I'm sorry, but errors were detected in your script. Please correct the
errors listed below, and try again.


File "game/screens.rpy", line 145: expected 'simple_expression' not found.
    xsize 
          ^

Ren'Py Version: Ren'Py 8.0.3.22090809
Sat Jul 29 00:14:03 2023
